warning: use of deprecated trait `engines::traits::ScraperEngine`: Use engine_client::EngineClient, ScrapeRequest, and ScrapeResponse instead. See https://github.com/Kirky-X/crawlrs/blob/main/docs/migration.md for migration guide.
 --> src/search/client.rs:8:29
  |
8 | use crate::engines::traits::ScraperEngine;
  |                             ^^^^^^^^^^^^^
  |
  = note: `#[warn(deprecated)]` on by default

warning: use of deprecated trait `engines::traits::ScraperEngine`: Use engine_client::EngineClient, ScrapeRequest, and ScrapeResponse instead. See https://github.com/Kirky-X/crawlrs/blob/main/docs/migration.md for migration guide.
  --> src/search/client.rs:60:38
   |
60 |             let engines: Vec<Arc<dyn ScraperEngine>> = vec![reqwest_engine];
   |                                      ^^^^^^^^^^^^^

warning: use of deprecated trait `engines::traits::ScraperEngine`: Use engine_client::EngineClient, ScrapeRequest, and ScrapeResponse instead. See https://github.com/Kirky-X/crawlrs/blob/main/docs/migration.md for migration guide.
   --> src/search/factory.rs:326:58
    |
326 |     let mut engines: Vec<Arc<dyn crate::engines::traits::ScraperEngine>> = Vec::new();
    |                                                          ^^^^^^^^^^^^^

warning: use of deprecated trait `engines::traits::ScraperEngine`: Use engine_client::EngineClient, ScrapeRequest, and ScrapeResponse instead. See https://github.com/Kirky-X/crawlrs/blob/main/docs/migration.md for migration guide.
   --> src/search/factory.rs:328:69
    |
328 |     engines.push(fire_engine_cdp as Arc<dyn crate::engines::traits::ScraperEngine>);
    |                                                                     ^^^^^^^^^^^^^

warning: use of deprecated trait `engines::traits::ScraperEngine`: Use engine_client::EngineClient, ScrapeRequest, and ScrapeResponse instead. See https://github.com/Kirky-X/crawlrs/blob/main/docs/migration.md for migration guide.
   --> src/search/factory.rs:330:69
    |
330 |     engines.push(fire_engine_tls as Arc<dyn crate::engines::traits::ScraperEngine>);
    |                                                                     ^^^^^^^^^^^^^

warning: static `HTTP_CLIENT` is never used
  --> src/search/client/google.rs:25:8
   |
25 | static HTTP_CLIENT: once_cell::sync::Lazy<Client> = once_cell::sync::Lazy::new(|| {
   |        ^^^^^^^^^^^
   |
   = note: `#[warn(dead_code)]` (part of `#[warn(unused)]`) on by default

warning: `crawlrs` (lib) generated 6 warnings
warning: unused import: `self`
  --> tests/integration/extract_credit_deduction_test.rs:91:61
   |
91 |     use crawlrs::infrastructure::database::entities::task::{self, Entity as TaskEntity};
   |                                                             ^^^^
   |
   = note: `#[warn(unused_imports)]` (part of `#[warn(unused)]`) on by default

warning: unused import: `crawlrs::workers::manager::WorkerManager`
   --> tests/integration/helpers/test_app.rs:103:5
    |
103 | use crawlrs::workers::manager::WorkerManager;
    |     ^^^^^^^^^^^^^^^^^^^^^^^^^^^^^^^^^^^^^^^^

warning: unused import: `crawlrs::search::client::google::GoogleSearchEngine`
  --> tests/integration/optimized_tests.rs:18:5
   |
18 | use crawlrs::search::client::google::GoogleSearchEngine;
   |     ^^^^^^^^^^^^^^^^^^^^^^^^^^^^^^^^^^^^^^^^^^^^^^^^^^^

warning: unused import: `crawlrs::search::client::sogou::SogouSearchEngine`
  --> tests/integration/optimized_tests.rs:19:5
   |
19 | use crawlrs::search::client::sogou::SogouSearchEngine;
   |     ^^^^^^^^^^^^^^^^^^^^^^^^^^^^^^^^^^^^^^^^^^^^^^^^^

warning: unused import: `std::collections::HashMap`
 --> tests/integration/real_world_test.rs:7:5
  |
7 | use std::collections::HashMap;
  |     ^^^^^^^^^^^^^^^^^^^^^^^^^

warning: unused import: `std::collections::HashMap`
   --> tests/integration/uat_scenarios_test.rs:856:9
    |
856 |     use std::collections::HashMap;
    |         ^^^^^^^^^^^^^^^^^^^^^^^^^

warning: unused imports: `ResponseItem` and `Response`
    --> tests/integration/uat_scenarios_test.rs:1301:37
     |
1301 |     use crawlrs::search::response::{Response, ResponseItem};
     |                                     ^^^^^^^^  ^^^^^^^^^^^^

warning: unused import: `SearchError`
    --> tests/integration/uat_scenarios_test.rs:1302:27
     |
1302 |     use crawlrs::search::{SearchError, SearchRequest};
     |                           ^^^^^^^^^^^

warning: unused import: `ImageExt`
 --> tests/integration/verify_google_routing.rs:6:36
  |
6 | use testcontainers::{GenericImage, ImageExt};
  |                                    ^^^^^^^^

warning: use of deprecated trait `crawlrs::engines::traits::ScraperEngine`: Use engine_client::EngineClient, ScrapeRequest, and ScrapeResponse instead. See https://github.com/Kirky-X/crawlrs/blob/main/docs/migration.md for migration guide.
   --> tests/integration/api_tests.rs:261:30
    |
261 |     let engines: Vec<Arc<dyn ScraperEngine>> = vec![engine_a.clone(), engine_b.clone()];
    |                              ^^^^^^^^^^^^^
    |
    = note: `#[warn(deprecated)]` on by default

warning: use of deprecated struct `crawlrs::engines::traits::ScrapeRequest`: Use engine_client::EngineClient, ScrapeRequest, and ScrapeResponse instead. See https://github.com/Kirky-X/crawlrs/blob/main/docs/migration.md for migration guide.
   --> tests/integration/api_tests.rs:281:19
    |
281 |     let request = ScrapeRequest {
    |                   ^^^^^^^^^^^^^

warning: use of deprecated struct `crawlrs::engines::traits::ScrapeRequest`: Use engine_client::EngineClient, ScrapeRequest, and ScrapeResponse instead. See https://github.com/Kirky-X/crawlrs/blob/main/docs/migration.md for migration guide.
   --> tests/integration/api_tests.rs:216:36
    |
216 |     use crawlrs::engines::traits::{ScrapeRequest, ScraperEngine};
    |                                    ^^^^^^^^^^^^^

warning: use of deprecated trait `crawlrs::engines::traits::ScraperEngine`: Use engine_client::EngineClient, ScrapeRequest, and ScrapeResponse instead. See https://github.com/Kirky-X/crawlrs/blob/main/docs/migration.md for migration guide.
   --> tests/integration/api_tests.rs:216:51
    |
216 |     use crawlrs::engines::traits::{ScrapeRequest, ScraperEngine};
    |                                                   ^^^^^^^^^^^^^

warning: use of deprecated trait `crawlrs::engines::traits::ScraperEngine`: Use engine_client::EngineClient, ScrapeRequest, and ScrapeResponse instead. See https://github.com/Kirky-X/crawlrs/blob/main/docs/migration.md for migration guide.
 --> tests/integration/browser_tests.rs:9:31
  |
9 | use crawlrs::engines::traits::ScraperEngine;
  |                               ^^^^^^^^^^^^^

warning: use of deprecated trait `crawlrs::engines::traits::ScraperEngine`: Use engine_client::EngineClient, ScrapeRequest, and ScrapeResponse instead. See https://github.com/Kirky-X/crawlrs/blob/main/docs/migration.md for migration guide.
 --> tests/integration/health_monitor_test.rs:9:31
  |
9 | use crawlrs::engines::traits::ScraperEngine;
  |                               ^^^^^^^^^^^^^

warning: use of deprecated trait `crawlrs::engines::traits::ScraperEngine`: Use engine_client::EngineClient, ScrapeRequest, and ScrapeResponse instead. See https://github.com/Kirky-X/crawlrs/blob/main/docs/migration.md for migration guide.
  --> tests/integration/health_monitor_test.rs:37:30
   |
37 |     let engines: Vec<Arc<dyn ScraperEngine>> = vec![engine];
   |                              ^^^^^^^^^^^^^

warning: use of deprecated trait `crawlrs::engines::traits::ScraperEngine`: Use engine_client::EngineClient, ScrapeRequest, and ScrapeResponse instead. See https://github.com/Kirky-X/crawlrs/blob/main/docs/migration.md for migration guide.
  --> tests/integration/health_monitor_test.rs:60:30
   |
60 |     let engines: Vec<Arc<dyn ScraperEngine>> = vec![engine];
   |                              ^^^^^^^^^^^^^

warning: use of deprecated struct `crawlrs::engines::traits::ScrapeRequest`: Use engine_client::EngineClient, ScrapeRequest, and ScrapeResponse instead. See https://github.com/Kirky-X/crawlrs/blob/main/docs/migration.md for migration guide.
 --> tests/integration/helpers/chrome.rs:7:32
  |
7 | use crawlrs::engines::traits::{ScrapeRequest, ScraperEngine};
  |                                ^^^^^^^^^^^^^

warning: use of deprecated trait `crawlrs::engines::traits::ScraperEngine`: Use engine_client::EngineClient, ScrapeRequest, and ScrapeResponse instead. See https://github.com/Kirky-X/crawlrs/blob/main/docs/migration.md for migration guide.
 --> tests/integration/helpers/chrome.rs:7:47
  |
7 | use crawlrs::engines::traits::{ScrapeRequest, ScraperEngine};
  |                                               ^^^^^^^^^^^^^

warning: use of deprecated struct `crawlrs::engines::traits::ScrapeRequest`: Use engine_client::EngineClient, ScrapeRequest, and ScrapeResponse instead. See https://github.com/Kirky-X/crawlrs/blob/main/docs/migration.md for migration guide.
  --> tests/integration/helpers/chrome.rs:10:81
   |
10 | ...eeds_js: bool, timeout_secs: u64) -> ScrapeRequest {
   |                                         ^^^^^^^^^^^^^

warning: use of deprecated struct `crawlrs::engines::traits::ScrapeRequest`: Use engine_client::EngineClient, ScrapeRequest, and ScrapeResponse instead. See https://github.com/Kirky-X/crawlrs/blob/main/docs/migration.md for migration guide.
  --> tests/integration/helpers/chrome.rs:11:5
   |
11 |     ScrapeRequest {
   |     ^^^^^^^^^^^^^

warning: use of deprecated trait `crawlrs::engines::traits::ScraperEngine`: Use engine_client::EngineClient, ScrapeRequest, and ScrapeResponse instead. See https://github.com/Kirky-X/crawlrs/blob/main/docs/migration.md for migration guide.
  --> tests/integration/helpers/google.rs:15:60
   |
15 |     let mut engines: Vec<Arc<dyn crawlrs::engines::traits::ScraperEngine>> = Vec::new();
   |                                                            ^^^^^^^^^^^^^

warning: use of deprecated trait `crawlrs::engines::traits::ScraperEngine`: Use engine_client::EngineClient, ScrapeRequest, and ScrapeResponse instead. See https://github.com/Kirky-X/crawlrs/blob/main/docs/migration.md for migration guide.
  --> tests/integration/helpers/google.rs:17:71
   |
17 |     engines.push(fire_engine_cdp as Arc<dyn crawlrs::engines::traits::ScraperEngine>);
   |                                                                       ^^^^^^^^^^^^^

warning: use of deprecated trait `crawlrs::engines::traits::ScraperEngine`: Use engine_client::EngineClient, ScrapeRequest, and ScrapeResponse instead. See https://github.com/Kirky-X/crawlrs/blob/main/docs/migration.md for migration guide.
  --> tests/integration/helpers/google.rs:19:71
   |
19 |     engines.push(fire_engine_tls as Arc<dyn crawlrs::engines::traits::ScraperEngine>);
   |                                                                       ^^^^^^^^^^^^^

warning: use of deprecated trait `crawlrs::engines::traits::ScraperEngine`: Use engine_client::EngineClient, ScrapeRequest, and ScrapeResponse instead. See https://github.com/Kirky-X/crawlrs/blob/main/docs/migration.md for migration guide.
 --> tests/integration/helpers/search_engine.rs:8:31
  |
8 | use crawlrs::engines::traits::ScraperEngine;
  |                               ^^^^^^^^^^^^^

warning: use of deprecated trait `crawlrs::engines::traits::ScraperEngine`: Use engine_client::EngineClient, ScrapeRequest, and ScrapeResponse instead. See https://github.com/Kirky-X/crawlrs/blob/main/docs/migration.md for migration guide.
  --> tests/integration/helpers/search_engine.rs:19:30
   |
19 |     let engines: Vec<Arc<dyn ScraperEngine>> = vec![reqwest_engine, fire_engine_cdp];
   |                              ^^^^^^^^^^^^^

warning: use of deprecated trait `crawlrs::engines::traits::ScraperEngine`: Use engine_client::EngineClient, ScrapeRequest, and ScrapeResponse instead. See https://github.com/Kirky-X/crawlrs/blob/main/docs/migration.md for migration guide.
  --> tests/integration/helpers/test_app.rs:86:31
   |
86 | use crawlrs::engines::traits::ScraperEngine;
   |                               ^^^^^^^^^^^^^

warning: use of deprecated trait `crawlrs::engines::traits::ScraperEngine`: Use engine_client::EngineClient, ScrapeRequest, and ScrapeResponse instead. See https://github.com/Kirky-X/crawlrs/blob/main/docs/migration.md for migration guide.
   --> tests/integration/helpers/test_app.rs:422:30
    |
422 |     let engines: Vec<Arc<dyn ScraperEngine>> = vec![reqwest_engine, playwright_engine, fir...
    |                              ^^^^^^^^^^^^^

warning: use of deprecated trait `crawlrs::engines::traits::ScraperEngine`: Use engine_client::EngineClient, ScrapeRequest, and ScrapeResponse instead. See https://github.com/Kirky-X/crawlrs/blob/main/docs/migration.md for migration guide.
   --> tests/integration/helpers/test_app.rs:959:30
    |
959 |     let engines: Vec<Arc<dyn ScraperEngine>> = vec![reqwest_engine, playwright_engine];
    |                              ^^^^^^^^^^^^^

warning: use of deprecated trait `crawlrs::engines::traits::ScraperEngine`: Use engine_client::EngineClient, ScrapeRequest, and ScrapeResponse instead. See https://github.com/Kirky-X/crawlrs/blob/main/docs/migration.md for migration guide.
  --> tests/integration/optimized_tests.rs:15:31
   |
15 | use crawlrs::engines::traits::ScraperEngine;
   |                               ^^^^^^^^^^^^^

warning: use of deprecated trait `crawlrs::engines::traits::ScraperEngine`: Use engine_client::EngineClient, ScrapeRequest, and ScrapeResponse instead. See https://github.com/Kirky-X/crawlrs/blob/main/docs/migration.md for migration guide.
   --> tests/integration/optimized_tests.rs:166:30
    |
166 |     let engines: Vec<Arc<dyn ScraperEngine>> = vec![reqwest_engine];
    |                              ^^^^^^^^^^^^^

warning: use of deprecated trait `crawlrs::engines::traits::ScraperEngine`: Use engine_client::EngineClient, ScrapeRequest, and ScrapeResponse instead. See https://github.com/Kirky-X/crawlrs/blob/main/docs/migration.md for migration guide.
   --> tests/integration/optimized_tests.rs:221:30
    |
221 |     let engines: Vec<Arc<dyn ScraperEngine>> = vec![reqwest_engine];
    |                              ^^^^^^^^^^^^^

warning: use of deprecated trait `crawlrs::engines::traits::ScraperEngine`: Use engine_client::EngineClient, ScrapeRequest, and ScrapeResponse instead. See https://github.com/Kirky-X/crawlrs/blob/main/docs/migration.md for migration guide.
   --> tests/integration/optimized_tests.rs:656:30
    |
656 |     let engines: Vec<Arc<dyn ScraperEngine>> = vec![reqwest_engine];
    |                              ^^^^^^^^^^^^^

warning: use of deprecated trait `crawlrs::engines::traits::ScraperEngine`: Use engine_client::EngineClient, ScrapeRequest, and ScrapeResponse instead. See https://github.com/Kirky-X/crawlrs/blob/main/docs/migration.md for migration guide.
 --> tests/integration/search_engines_test.rs:8:31
  |
8 | use crawlrs::engines::traits::ScraperEngine;
  |                               ^^^^^^^^^^^^^

warning: use of deprecated trait `crawlrs::engines::traits::ScraperEngine`: Use engine_client::EngineClient, ScrapeRequest, and ScrapeResponse instead. See https://github.com/Kirky-X/crawlrs/blob/main/docs/migration.md for migration guide.
  --> tests/integration/search_engines_test.rs:30:30
   |
30 |     let engines: Vec<Arc<dyn ScraperEngine>> = vec![reqwest_engine, fire_engine_cdp];
   |                              ^^^^^^^^^^^^^

warning: use of deprecated trait `crawlrs::engines::traits::ScraperEngine`: Use engine_client::EngineClient, ScrapeRequest, and ScrapeResponse instead. See https://github.com/Kirky-X/crawlrs/blob/main/docs/migration.md for migration guide.
   --> tests/integration/search_engines_test.rs:280:35
    |
280 |     let engines_list: Vec<Arc<dyn ScraperEngine>> = vec![reqwest_engine, fire_engine_cdp];
    |                                   ^^^^^^^^^^^^^

warning: use of deprecated trait `crawlrs::engines::traits::ScraperEngine`: Use engine_client::EngineClient, ScrapeRequest, and ScrapeResponse instead. See https://github.com/Kirky-X/crawlrs/blob/main/docs/migration.md for migration guide.
   --> tests/integration/search_engines_test.rs:343:35
    |
343 |     let engines_list: Vec<Arc<dyn ScraperEngine>> = vec![reqwest_engine, fire_engine_cdp];
    |                                   ^^^^^^^^^^^^^

warning: use of deprecated trait `crawlrs::engines::traits::ScraperEngine`: Use engine_client::EngineClient, ScrapeRequest, and ScrapeResponse instead. See https://github.com/Kirky-X/crawlrs/blob/main/docs/migration.md for migration guide.
   --> tests/integration/search_engines_test.rs:409:35
    |
409 |     let engines_list: Vec<Arc<dyn ScraperEngine>> = vec![reqwest_engine, fire_engine_cdp];
    |                                   ^^^^^^^^^^^^^

warning: use of deprecated trait `crawlrs::engines::traits::ScraperEngine`: Use engine_client::EngineClient, ScrapeRequest, and ScrapeResponse instead. See https://github.com/Kirky-X/crawlrs/blob/main/docs/migration.md for migration guide.
    --> tests/integration/uat_scenarios_test.rs:1001:30
     |
1001 |     let engines: Vec<Arc<dyn ScraperEngine>> = vec![reqwest_engine];
     |                              ^^^^^^^^^^^^^

warning: use of deprecated trait `crawlrs::engines::traits::ScraperEngine`: Use engine_client::EngineClient, ScrapeRequest, and ScrapeResponse instead. See https://github.com/Kirky-X/crawlrs/blob/main/docs/migration.md for migration guide.
   --> tests/integration/uat_scenarios_test.rs:987:35
    |
987 |     use crawlrs::engines::traits::ScraperEngine;
    |                                   ^^^^^^^^^^^^^

warning: use of deprecated trait `crawlrs::engines::traits::ScraperEngine`: Use engine_client::EngineClient, ScrapeRequest, and ScrapeResponse instead. See https://github.com/Kirky-X/crawlrs/blob/main/docs/migration.md for migration guide.
    --> tests/integration/uat_scenarios_test.rs:1309:30
     |
1309 |     let engines: Vec<Arc<dyn ScraperEngine>> = vec![reqwest_engine];
     |                              ^^^^^^^^^^^^^

warning: use of deprecated trait `crawlrs::engines::traits::ScraperEngine`: Use engine_client::EngineClient, ScrapeRequest, and ScrapeResponse instead. See https://github.com/Kirky-X/crawlrs/blob/main/docs/migration.md for migration guide.
    --> tests/integration/uat_scenarios_test.rs:1296:35
     |
1296 |     use crawlrs::engines::traits::ScraperEngine;
     |                                   ^^^^^^^^^^^^^

warning: use of deprecated method `crawlrs::engines::traits::ScraperEngine::scrape`: Use engine_client::EngineClient, ScrapeRequest, and ScrapeResponse instead. See https://github.com/Kirky-X/crawlrs/blob/main/docs/migration.md for migration guide.
  --> tests/integration/browser_tests.rs:15:28
   |
15 |     match PlaywrightEngine.scrape(&request).await {
   |                            ^^^^^^

warning: use of deprecated field `crawlrs::engines::traits::ScrapeResponse::status_code`: Use engine_client::EngineClient, ScrapeRequest, and ScrapeResponse instead. See https://github.com/Kirky-X/crawlrs/blob/main/docs/migration.md for migration guide.
  --> tests/integration/browser_tests.rs:18:35
   |
18 |             println!("状态码: {:?}", response.status_code);
   |                                      ^^^^^^^^^^^^^^^^^^^^

warning: use of deprecated field `crawlrs::engines::traits::ScrapeResponse::content`: Use engine_client::EngineClient, ScrapeRequest, and ScrapeResponse instead. See https://github.com/Kirky-X/crawlrs/blob/main/docs/migration.md for migration guide.
  --> tests/integration/browser_tests.rs:19:37
   |
19 |             println!("内容长度: {} 字符", response.content.len());
   |                                           ^^^^^^^^^^^^^^^^

warning: use of deprecated field `crawlrs::engines::traits::ScrapeResponse::content`: Use engine_client::EngineClient, ScrapeRequest, and ScrapeResponse instead. See https://github.com/Kirky-X/crawlrs/blob/main/docs/migration.md for migration guide.
  --> tests/integration/browser_tests.rs:20:16
   |
20 |             if response.content.len() > 100 {
   |                ^^^^^^^^^^^^^^^^

warning: use of deprecated field `crawlrs::engines::traits::ScrapeResponse::content`: Use engine_client::EngineClient, ScrapeRequest, and ScrapeResponse instead. See https://github.com/Kirky-X/crawlrs/blob/main/docs/migration.md for migration guide.
  --> tests/integration/browser_tests.rs:21:42
   |
21 |                 println!("前100个字符: {}", &response.content[..100]);
   |                                              ^^^^^^^^^^^^^^^^

warning: use of deprecated method `crawlrs::engines::traits::ScraperEngine::scrape`: Use engine_client::EngineClient, ScrapeRequest, and ScrapeResponse instead. See https://github.com/Kirky-X/crawlrs/blob/main/docs/migration.md for migration guide.
  --> tests/integration/browser_tests.rs:36:28
   |
36 |     match PlaywrightEngine.scrape(&request).await {
   |                            ^^^^^^

warning: use of deprecated field `crawlrs::engines::traits::ScrapeResponse::status_code`: Use engine_client::EngineClient, ScrapeRequest, and ScrapeResponse instead. See https://github.com/Kirky-X/crawlrs/blob/main/docs/migration.md for migration guide.
  --> tests/integration/browser_tests.rs:39:35
   |
39 |             println!("状态码: {:?}", response.status_code);
   |                                      ^^^^^^^^^^^^^^^^^^^^

warning: use of deprecated field `crawlrs::engines::traits::ScrapeResponse::content`: Use engine_client::EngineClient, ScrapeRequest, and ScrapeResponse instead. See https://github.com/Kirky-X/crawlrs/blob/main/docs/migration.md for migration guide.
  --> tests/integration/browser_tests.rs:40:37
   |
40 |             println!("内容长度: {} 字符", response.content.len());
   |                                           ^^^^^^^^^^^^^^^^

warning: use of deprecated field `crawlrs::engines::traits::ScrapeResponse::content`: Use engine_client::EngineClient, ScrapeRequest, and ScrapeResponse instead. See https://github.com/Kirky-X/crawlrs/blob/main/docs/migration.md for migration guide.
  --> tests/integration/browser_tests.rs:41:16
   |
41 |             if response.content.len() > 100 {
   |                ^^^^^^^^^^^^^^^^

warning: use of deprecated field `crawlrs::engines::traits::ScrapeResponse::content`: Use engine_client::EngineClient, ScrapeRequest, and ScrapeResponse instead. See https://github.com/Kirky-X/crawlrs/blob/main/docs/migration.md for migration guide.
  --> tests/integration/browser_tests.rs:42:42
   |
42 |                 println!("前100个字符: {}", &response.content[..100]);
   |                                              ^^^^^^^^^^^^^^^^

warning: use of deprecated method `crawlrs::engines::traits::ScraperEngine::scrape`: Use engine_client::EngineClient, ScrapeRequest, and ScrapeResponse instead. See https://github.com/Kirky-X/crawlrs/blob/main/docs/migration.md for migration guide.
  --> tests/integration/browser_tests.rs:59:28
   |
59 |     match PlaywrightEngine.scrape(&request).await {
   |                            ^^^^^^

warning: use of deprecated field `crawlrs::engines::traits::ScrapeResponse::status_code`: Use engine_client::EngineClient, ScrapeRequest, and ScrapeResponse instead. See https://github.com/Kirky-X/crawlrs/blob/main/docs/migration.md for migration guide.
  --> tests/integration/browser_tests.rs:62:35
   |
62 |             println!("状态码: {:?}", response.status_code);
   |                                      ^^^^^^^^^^^^^^^^^^^^

warning: use of deprecated field `crawlrs::engines::traits::ScrapeResponse::content`: Use engine_client::EngineClient, ScrapeRequest, and ScrapeResponse instead. See https://github.com/Kirky-X/crawlrs/blob/main/docs/migration.md for migration guide.
  --> tests/integration/browser_tests.rs:63:37
   |
63 |             println!("内容长度: {} 字符", response.content.len());
   |                                           ^^^^^^^^^^^^^^^^

warning: use of deprecated field `crawlrs::engines::traits::ScrapeResponse::content`: Use engine_client::EngineClient, ScrapeRequest, and ScrapeResponse instead. See https://github.com/Kirky-X/crawlrs/blob/main/docs/migration.md for migration guide.
  --> tests/integration/browser_tests.rs:64:16
   |
64 |             if response.content.len() > 200 {
   |                ^^^^^^^^^^^^^^^^

warning: use of deprecated field `crawlrs::engines::traits::ScrapeResponse::content`: Use engine_client::EngineClient, ScrapeRequest, and ScrapeResponse instead. See https://github.com/Kirky-X/crawlrs/blob/main/docs/migration.md for migration guide.
  --> tests/integration/browser_tests.rs:65:42
   |
65 |                 println!("前200个字符: {}", &response.content[..200]);
   |                                              ^^^^^^^^^^^^^^^^

warning: use of deprecated method `crawlrs::engines::traits::ScraperEngine::scrape`: Use engine_client::EngineClient, ScrapeRequest, and ScrapeResponse instead. See https://github.com/Kirky-X/crawlrs/blob/main/docs/migration.md for migration guide.
  --> tests/integration/browser_tests.rs:84:28
   |
84 |     match PlaywrightEngine.scrape(&request).await {
   |                            ^^^^^^

warning: use of deprecated field `crawlrs::engines::traits::ScrapeResponse::status_code`: Use engine_client::EngineClient, ScrapeRequest, and ScrapeResponse instead. See https://github.com/Kirky-X/crawlrs/blob/main/docs/migration.md for migration guide.
  --> tests/integration/browser_tests.rs:87:35
   |
87 |             println!("状态码: {:?}", response.status_code);
   |                                      ^^^^^^^^^^^^^^^^^^^^

warning: use of deprecated field `crawlrs::engines::traits::ScrapeResponse::content`: Use engine_client::EngineClient, ScrapeRequest, and ScrapeResponse instead. See https://github.com/Kirky-X/crawlrs/blob/main/docs/migration.md for migration guide.
  --> tests/integration/browser_tests.rs:88:37
   |
88 |             println!("内容长度: {} 字符", response.content.len());
   |                                           ^^^^^^^^^^^^^^^^

warning: use of deprecated field `crawlrs::engines::traits::ScrapeResponse::content`: Use engine_client::EngineClient, ScrapeRequest, and ScrapeResponse instead. See https://github.com/Kirky-X/crawlrs/blob/main/docs/migration.md for migration guide.
  --> tests/integration/browser_tests.rs:89:16
   |
89 |             if response.content.len() > 200 {
   |                ^^^^^^^^^^^^^^^^

warning: use of deprecated field `crawlrs::engines::traits::ScrapeResponse::content`: Use engine_client::EngineClient, ScrapeRequest, and ScrapeResponse instead. See https://github.com/Kirky-X/crawlrs/blob/main/docs/migration.md for migration guide.
  --> tests/integration/browser_tests.rs:90:42
   |
90 |                 println!("前200个字符: {}", &response.content[..200]);
   |                                              ^^^^^^^^^^^^^^^^

warning: use of deprecated method `crawlrs::engines::traits::ScraperEngine::scrape`: Use engine_client::EngineClient, ScrapeRequest, and ScrapeResponse instead. See https://github.com/Kirky-X/crawlrs/blob/main/docs/migration.md for migration guide.
  --> tests/integration/helpers/chrome.rs:33:18
   |
33 |     match engine.scrape(&request).await {
   |                  ^^^^^^

warning: use of deprecated field `crawlrs::engines::traits::ScrapeResponse::status_code`: Use engine_client::EngineClient, ScrapeRequest, and ScrapeResponse instead. See https://github.com/Kirky-X/crawlrs/blob/main/docs/migration.md for migration guide.
  --> tests/integration/helpers/chrome.rs:36:35
   |
36 |             println!("状态码: {:?}", response.status_code);
   |                                      ^^^^^^^^^^^^^^^^^^^^

warning: use of deprecated field `crawlrs::engines::traits::ScrapeResponse::content`: Use engine_client::EngineClient, ScrapeRequest, and ScrapeResponse instead. See https://github.com/Kirky-X/crawlrs/blob/main/docs/migration.md for migration guide.
  --> tests/integration/helpers/chrome.rs:37:37
   |
37 |             println!("内容长度: {} 字符", response.content.len());
   |                                           ^^^^^^^^^^^^^^^^

warning: use of deprecated field `crawlrs::engines::traits::ScrapeRequest::url`: Use engine_client::EngineClient, ScrapeRequest, and ScrapeResponse instead. See https://github.com/Kirky-X/crawlrs/blob/main/docs/migration.md for migration guide.
   --> tests/integration/api_tests.rs:282:9
    |
282 |         url: test_url,
    |         ^^^^^^^^^^^^^

warning: use of deprecated field `crawlrs::engines::traits::ScrapeRequest::headers`: Use engine_client::EngineClient, ScrapeRequest, and ScrapeResponse instead. See https://github.com/Kirky-X/crawlrs/blob/main/docs/migration.md for migration guide.
   --> tests/integration/api_tests.rs:283:9
    |
283 |         headers: HashMap::new(),
    |         ^^^^^^^^^^^^^^^^^^^^^^^

warning: use of deprecated field `crawlrs::engines::traits::ScrapeRequest::timeout`: Use engine_client::EngineClient, ScrapeRequest, and ScrapeResponse instead. See https://github.com/Kirky-X/crawlrs/blob/main/docs/migration.md for migration guide.
   --> tests/integration/api_tests.rs:284:9
    |
284 |         timeout: Duration::from_secs(1), // 短超时触发 Reqwest 失败
    |         ^^^^^^^^^^^^^^^^^^^^^^^^^^^^^^^

warning: use of deprecated field `crawlrs::engines::traits::ScrapeRequest::needs_js`: Use engine_client::EngineClient, ScrapeRequest, and ScrapeResponse instead. See https://github.com/Kirky-X/crawlrs/blob/main/docs/migration.md for migration guide.
   --> tests/integration/api_tests.rs:285:9
    |
285 |         needs_js: true,                  // 确保 Playwright 愿意处理
    |         ^^^^^^^^^^^^^^

warning: use of deprecated field `crawlrs::engines::traits::ScrapeRequest::needs_screenshot`: Use engine_client::EngineClient, ScrapeRequest, and ScrapeResponse instead. See https://github.com/Kirky-X/crawlrs/blob/main/docs/migration.md for migration guide.
   --> tests/integration/api_tests.rs:286:9
    |
286 |         needs_screenshot: false,
    |         ^^^^^^^^^^^^^^^^^^^^^^^

warning: use of deprecated field `crawlrs::engines::traits::ScrapeRequest::screenshot_config`: Use engine_client::EngineClient, ScrapeRequest, and ScrapeResponse instead. See https://github.com/Kirky-X/crawlrs/blob/main/docs/migration.md for migration guide.
   --> tests/integration/api_tests.rs:287:9
    |
287 |         screenshot_config: None,
    |         ^^^^^^^^^^^^^^^^^^^^^^^

warning: use of deprecated field `crawlrs::engines::traits::ScrapeRequest::mobile`: Use engine_client::EngineClient, ScrapeRequest, and ScrapeResponse instead. See https://github.com/Kirky-X/crawlrs/blob/main/docs/migration.md for migration guide.
   --> tests/integration/api_tests.rs:288:9
    |
288 |         mobile: false,
    |         ^^^^^^^^^^^^^

warning: use of deprecated field `crawlrs::engines::traits::ScrapeRequest::proxy`: Use engine_client::EngineClient, ScrapeRequest, and ScrapeResponse instead. See https://github.com/Kirky-X/crawlrs/blob/main/docs/migration.md for migration guide.
   --> tests/integration/api_tests.rs:289:9
    |
289 |         proxy: None,
    |         ^^^^^^^^^^^

warning: use of deprecated field `crawlrs::engines::traits::ScrapeRequest::skip_tls_verification`: Use engine_client::EngineClient, ScrapeRequest, and ScrapeResponse instead. See https://github.com/Kirky-X/crawlrs/blob/main/docs/migration.md for migration guide.
   --> tests/integration/api_tests.rs:290:9
    |
290 |         skip_tls_verification: false,
    |         ^^^^^^^^^^^^^^^^^^^^^^^^^^^^

warning: use of deprecated field `crawlrs::engines::traits::ScrapeRequest::needs_tls_fingerprint`: Use engine_client::EngineClient, ScrapeRequest, and ScrapeResponse instead. See https://github.com/Kirky-X/crawlrs/blob/main/docs/migration.md for migration guide.
   --> tests/integration/api_tests.rs:291:9
    |
291 |         needs_tls_fingerprint: false,
    |         ^^^^^^^^^^^^^^^^^^^^^^^^^^^^

warning: use of deprecated field `crawlrs::engines::traits::ScrapeRequest::use_fire_engine`: Use engine_client::EngineClient, ScrapeRequest, and ScrapeResponse instead. See https://github.com/Kirky-X/crawlrs/blob/main/docs/migration.md for migration guide.
   --> tests/integration/api_tests.rs:292:9
    |
292 |         use_fire_engine: false,
    |         ^^^^^^^^^^^^^^^^^^^^^^

warning: use of deprecated field `crawlrs::engines::traits::ScrapeRequest::actions`: Use engine_client::EngineClient, ScrapeRequest, and ScrapeResponse instead. See https://github.com/Kirky-X/crawlrs/blob/main/docs/migration.md for migration guide.
   --> tests/integration/api_tests.rs:293:9
    |
293 |         actions: vec![],
    |         ^^^^^^^^^^^^^^^

warning: use of deprecated field `crawlrs::engines::traits::ScrapeRequest::sync_wait_ms`: Use engine_client::EngineClient, ScrapeRequest, and ScrapeResponse instead. See https://github.com/Kirky-X/crawlrs/blob/main/docs/migration.md for migration guide.
   --> tests/integration/api_tests.rs:294:9
    |
294 |         sync_wait_ms: 0,
    |         ^^^^^^^^^^^^^^^

warning: use of deprecated field `crawlrs::engines::traits::ScrapeResponse::status_code`: Use engine_client::EngineClient, ScrapeRequest, and ScrapeResponse instead. See https://github.com/Kirky-X/crawlrs/blob/main/docs/migration.md for migration guide.
   --> tests/integration/api_tests.rs:303:24
    |
303 |             assert_eq!(resp.status_code, 200);
    |                        ^^^^^^^^^^^^^^^^

warning: use of deprecated field `crawlrs::engines::traits::ScrapeResponse::content`: Use engine_client::EngineClient, ScrapeRequest, and ScrapeResponse instead. See https://github.com/Kirky-X/crawlrs/blob/main/docs/migration.md for migration guide.
   --> tests/integration/api_tests.rs:304:21
    |
304 |             assert!(resp.content.contains("Success from other engine"));
    |                     ^^^^^^^^^^^^

warning: use of deprecated field `crawlrs::engines::traits::ScrapeResponse::content`: Use engine_client::EngineClient, ScrapeRequest, and ScrapeResponse instead. See https://github.com/Kirky-X/crawlrs/blob/main/docs/migration.md for migration guide.
   --> tests/integration/api_tests.rs:343:17
    |
343 |         assert!(resp.content.contains("Success from other engine"));
    |                 ^^^^^^^^^^^^

warning: use of deprecated field `crawlrs::engines::traits::ScrapeRequest::url`: Use engine_client::EngineClient, ScrapeRequest, and ScrapeResponse instead. See https://github.com/Kirky-X/crawlrs/blob/main/docs/migration.md for migration guide.
  --> tests/integration/helpers/chrome.rs:12:9
   |
12 |         url,
   |         ^^^

warning: use of deprecated field `crawlrs::engines::traits::ScrapeRequest::headers`: Use engine_client::EngineClient, ScrapeRequest, and ScrapeResponse instead. See https://github.com/Kirky-X/crawlrs/blob/main/docs/migration.md for migration guide.
  --> tests/integration/helpers/chrome.rs:13:9
   |
13 |         headers: std::collections::HashMap::new(),
   |         ^^^^^^^^^^^^^^^^^^^^^^^^^^^^^^^^^^^^^^^^^

warning: use of deprecated field `crawlrs::engines::traits::ScrapeRequest::timeout`: Use engine_client::EngineClient, ScrapeRequest, and ScrapeResponse instead. See https://github.com/Kirky-X/crawlrs/blob/main/docs/migration.md for migration guide.
  --> tests/integration/helpers/chrome.rs:14:9
   |
14 |         timeout: Duration::from_secs(timeout_secs),
   |         ^^^^^^^^^^^^^^^^^^^^^^^^^^^^^^^^^^^^^^^^^^

warning: use of deprecated field `crawlrs::engines::traits::ScrapeRequest::needs_js`: Use engine_client::EngineClient, ScrapeRequest, and ScrapeResponse instead. See https://github.com/Kirky-X/crawlrs/blob/main/docs/migration.md for migration guide.
  --> tests/integration/helpers/chrome.rs:15:9
   |
15 |         needs_js,
   |         ^^^^^^^^

warning: use of deprecated field `crawlrs::engines::traits::ScrapeRequest::needs_screenshot`: Use engine_client::EngineClient, ScrapeRequest, and ScrapeResponse instead. See https://github.com/Kirky-X/crawlrs/blob/main/docs/migration.md for migration guide.
  --> tests/integration/helpers/chrome.rs:16:9
   |
16 |         needs_screenshot: false,
   |         ^^^^^^^^^^^^^^^^^^^^^^^

warning: use of deprecated field `crawlrs::engines::traits::ScrapeRequest::screenshot_config`: Use engine_client::EngineClient, ScrapeRequest, and ScrapeResponse instead. See https://github.com/Kirky-X/crawlrs/blob/main/docs/migration.md for migration guide.
  --> tests/integration/helpers/chrome.rs:17:9
   |
17 |         screenshot_config: None,
   |         ^^^^^^^^^^^^^^^^^^^^^^^

warning: use of deprecated field `crawlrs::engines::traits::ScrapeRequest::mobile`: Use engine_client::EngineClient, ScrapeRequest, and ScrapeResponse instead. See https://github.com/Kirky-X/crawlrs/blob/main/docs/migration.md for migration guide.
  --> tests/integration/helpers/chrome.rs:18:9
   |
18 |         mobile: false,
   |         ^^^^^^^^^^^^^

warning: use of deprecated field `crawlrs::engines::traits::ScrapeRequest::proxy`: Use engine_client::EngineClient, ScrapeRequest, and ScrapeResponse instead. See https://github.com/Kirky-X/crawlrs/blob/main/docs/migration.md for migration guide.
  --> tests/integration/helpers/chrome.rs:19:9
   |
19 |         proxy: None,
   |         ^^^^^^^^^^^

warning: use of deprecated field `crawlrs::engines::traits::ScrapeRequest::skip_tls_verification`: Use engine_client::EngineClient, ScrapeRequest, and ScrapeResponse instead. See https://github.com/Kirky-X/crawlrs/blob/main/docs/migration.md for migration guide.
  --> tests/integration/helpers/chrome.rs:20:9
   |
20 |         skip_tls_verification: true,
   |         ^^^^^^^^^^^^^^^^^^^^^^^^^^^

warning: use of deprecated field `crawlrs::engines::traits::ScrapeRequest::needs_tls_fingerprint`: Use engine_client::EngineClient, ScrapeRequest, and ScrapeResponse instead. See https://github.com/Kirky-X/crawlrs/blob/main/docs/migration.md for migration guide.
  --> tests/integration/helpers/chrome.rs:21:9
   |
21 |         needs_tls_fingerprint: false,
   |         ^^^^^^^^^^^^^^^^^^^^^^^^^^^^

warning: use of deprecated field `crawlrs::engines::traits::ScrapeRequest::use_fire_engine`: Use engine_client::EngineClient, ScrapeRequest, and ScrapeResponse instead. See https://github.com/Kirky-X/crawlrs/blob/main/docs/migration.md for migration guide.
  --> tests/integration/helpers/chrome.rs:22:9
   |
22 |         use_fire_engine: false,
   |         ^^^^^^^^^^^^^^^^^^^^^^

warning: use of deprecated field `crawlrs::engines::traits::ScrapeRequest::actions`: Use engine_client::EngineClient, ScrapeRequest, and ScrapeResponse instead. See https://github.com/Kirky-X/crawlrs/blob/main/docs/migration.md for migration guide.
  --> tests/integration/helpers/chrome.rs:23:9
   |
23 |         actions: Vec::new(),
   |         ^^^^^^^^^^^^^^^^^^^

warning: use of deprecated field `crawlrs::engines::traits::ScrapeRequest::sync_wait_ms`: Use engine_client::EngineClient, ScrapeRequest, and ScrapeResponse instead. See https://github.com/Kirky-X/crawlrs/blob/main/docs/migration.md for migration guide.
  --> tests/integration/helpers/chrome.rs:24:9
   |
24 |         sync_wait_ms: 0,
   |         ^^^^^^^^^^^^^^^

warning: unused variable: `extraction_service`
   --> tests/integration/helpers/test_app.rs:501:9
    |
501 |     let extraction_service = Arc::new(
    |         ^^^^^^^^^^^^^^^^^^ help: if this is intentional, prefix it with an underscore: `_extraction_service`
    |
    = note: `#[warn(unused_variables)]` (part of `#[warn(unused)]`) on by default

warning: unused variable: `webhook_service`
   --> tests/integration/helpers/test_app.rs:509:9
    |
509 |     let webhook_service = Arc::new(
    |         ^^^^^^^^^^^^^^^ help: if this is intentional, prefix it with an underscore: `_webhook_service`

warning: variable `task_completed` is assigned to, but never used
   --> tests/integration/extract_credit_deduction_test.rs:114:9
    |
114 |     let mut task_completed = false;
    |         ^^^^^^^^^^^^^^^^^^
    |
    = note: consider using `_task_completed` instead

warning: value assigned to `task_completed` is never read
   --> tests/integration/extract_credit_deduction_test.rs:149:13
    |
149 |             task_completed = true;
    |             ^^^^^^^^^^^^^^^^^^^^^
    |
    = help: maybe it is overwritten before being read?
    = note: `#[warn(unused_assignments)]` (part of `#[warn(unused)]`) on by default

warning: unused variable: `google_engine_client`
   --> tests/integration/helpers/test_app.rs:967:9
    |
967 |     let google_engine_client = Arc::new(EngineClient::default());
    |         ^^^^^^^^^^^^^^^^^^^^ help: if this is intentional, prefix it with an underscore: `_google_engine_client`

warning: unused variable: `ctx`
   --> tests/integration/real_components_test.rs:189:9
    |
189 |     let ctx = RealTestContext::new().await;
    |         ^^^ help: if this is intentional, prefix it with an underscore: `_ctx`

warning: unused variable: `settings`
  --> tests/integration/s3_storage_test.rs:25:9
   |
25 |     let settings = StorageSettings {
   |         ^^^^^^^^ help: if this is intentional, prefix it with an underscore: `_settings`

warning: struct `InMemoryQueue` is never constructed
   --> tests/integration/helpers/test_app.rs:116:8
    |
116 | struct InMemoryQueue {
    |        ^^^^^^^^^^^^^
    |
    = note: `#[warn(dead_code)]` (part of `#[warn(unused)]`) on by default

warning: associated function `new` is never used
   --> tests/integration/helpers/test_app.rs:122:8
    |
121 | impl InMemoryQueue {
    | ------------------ associated function in this implementation
122 |     fn new(task_repo: Arc<TaskRepositoryImpl>) -> Self {
    |        ^^^

warning: field `base_url` is never read
  --> tests/integration/optimized_tests.rs:66:5
   |
64 | struct NewsWebsite {
   |        ----------- field in this struct
65 |     name: &'static str,
66 |     base_url: &'static str,
   |     ^^^^^^^^

warning: `crawlrs` (test "integration_tests") generated 104 warnings (run `cargo fix --test "integration_tests" -p crawlrs` to apply 14 suggestions)
    Finished `test` profile [unoptimized + debuginfo] target(s) in 0.26s
warning: the following packages contain code that will be rejected by a future version of Rust: html5ever v0.23.0
note: to see what the problems were, use the option `--future-incompat-report`, or run `cargo report future-incompatibilities --id 1`
     Running tests/integration/mod.rs (target/debug/deps/integration_tests-c389a28818cdbf8b)

running 19 tests
Skipping UAT-004 JS rendering test: CHROMIUM_REMOTE_DEBUGGING_URL not set
test uat_scenarios_test::test_uat004_javascript_rendering ... ok
DEBUG: Starting Redis on port 8000
DEBUG: Starting Redis on port 8000
DEBUG: Starting Redis on port 8000
DEBUG: Starting Redis on port 8000
DEBUG: Starting Redis on port 8000
DEBUG: Starting Redis on port 8000
DEBUG: Starting Redis on port 8001
DEBUG: Starting Redis on port 8002
DEBUG: Starting Redis on port 8002
DEBUG: Starting Redis on port 8003
DEBUG: Starting Redis on port 8003
DEBUG: Connecting to Redis at redis://127.0.0.1:8000
DEBUG: Redis connection established
DEBUG: Connecting to Redis at redis://127.0.0.1:8000
DEBUG: Redis connection established
DEBUG: Connecting to Redis at redis://127.0.0.1:8000
DEBUG: Redis connection established
DEBUG: Connecting to Redis at redis://127.0.0.1:8000
DEBUG: Redis connection established
DEBUG: Connecting to Redis at redis://127.0.0.1:8000
DEBUG: Redis connection established
DEBUG: Connecting to Redis at redis://127.0.0.1:8000
DEBUG: Redis connection established
限流生效，需等待 1 秒
父任务payload: Object {"depth": Number(0), "exclude_patterns": Array [String("/admin/*"), String("/api/*")], "include_patterns": Array [String("/blog/*"), String("/docs/*")], "max_depth": Number(2), "strategy": String("bfs")}
DEBUG: Connecting to Redis at redis://127.0.0.1:8001
DEBUG: Redis connection established
test uat_scenarios_test::test_uat006_distributed_rate_limiting ... ok
DEBUG: Connecting to Redis at redis://127.0.0.1:8002
DEBUG: Redis connection established
DEBUG: Connecting to Redis at redis://127.0.0.1:8002
DEBUG: Redis connection established
DEBUG: Worker 0 started
DEBUG: Worker 1 started
⚠️  UAT-018 rate limiting test skipped - Redis connection failed
test uat_scenarios_test::test_uat018_rate_limiting ... ok
Found 4 tasks with total 4
Task status: Active
Task status: Active
Task status: Queued
Task status: Queued
✓ UAT-017 状态过滤查询测试通过
✓ UAT-017 分页查询测试通过
✓ UAT-017 批量取消测试通过
test uat_scenarios_test::test_uat017_task_management_api ... ok
DEBUG: Connecting to Redis at redis://127.0.0.1:8003
DEBUG: Redis connection established
DEBUG: Connecting to Redis at redis://127.0.0.1:8003
DEBUG: Redis connection established
✓ 错误处理测试通过
  - 错误信息: failed to lookup address information: Name or service not known
✓ UAT-010 错误恢复和重试测试完成
test uat_scenarios_test::test_uat010_error_recovery_and_retry ... ok
DEBUG: Starting Redis on port 8004

thread 'uat_scenarios_test::test_uat016_sync_wait_integration' (7197) panicked at tests/integration/uat_scenarios_test.rs:1732:76:
called `Option::unwrap()` on a `None` value
note: run with `RUST_BACKTRACE=1` environment variable to display a backtrace
DEBUG: Starting Redis on port 8005
✓ 延迟调度测试通过
  - 计划调度时间: 2026-01-11T17:18:57.931279669+00:00
✓ UAT-011 超时处理测试通过
  - 处理耗时: 958.773352ms
  - 生成任务数: 2
HTML内容: 
        <html>
            <body>
                <a href="/blog/post1">Blog Post 1</a>
                <a href="/docs/api-reference">API Docs</a>
                <a href="/admin/dashboard">Admin Dashboard</a>
                <a href="/api/users">API Endpoint</a>
                <a href="/about">About Page</a>
                <a href="/blog/post2">Blog Post 2</a>
                <a href="/docs/guide">User Guide</a>
            </body>
        </html>
    
父任务URL: https://example.com
新任务数量: 4
生成的URLs: ["https://example.com/docs/api-reference", "https://example.com/docs/guide", "https://example.com/blog/post1", "https://example.com/blog/post2"]
Include patterns: ["/blog/*", "/docs/*"]
Exclude patterns: ["/admin/*", "/api/*"]
test uat_scenarios_test::test_uat011_timeout_handling ... ok
test uat_scenarios_test::test_uat007_path_filtering ... ok

thread 'uat_scenarios_test::test_uat007_path_filtering_empty_rules' (7183) panicked at tests/integration/uat_scenarios_test.rs:358:5:
assertion `left == right` failed: 空过滤规则应该允许所有链接
  left: 2
 right: 3
test uat_scenarios_test::test_uat007_path_filtering_empty_rules ... FAILED
DEBUG: Starting Redis on port 8000
DEBUG: Starting Redis on port 8000
✓ UAT-008 robots.txt遵守测试通过
  - 创建任务数: 7
  - 使用真实RobotsChecker验证
  - 系统正确处理robots.txt检查
test uat_scenarios_test::test_uat008_robots_txt_compliance ... ok
DEBUG: Connecting to Redis at redis://127.0.0.1:8004
DEBUG: Redis connection established
✓ UAT-005 搜索引擎降级测试通过 (使用真实引擎包装)
test uat_scenarios_test::test_uat005_engine_degradation ... ok
✓ UAT-019 团队并发限制测试通过
test uat_scenarios_test::test_uat019_team_concurrency_limit ... ok
✓ UAT-009 并发任务处理测试通过
  - 并发任务数: 10
  - 总生成任务数: 20
test uat_scenarios_test::test_uat009_concurrent_task_processing ... ok
DEBUG: Connecting to Redis at redis://127.0.0.1:8005
DEBUG: Redis connection established

thread 'uat_scenarios_test::test_uat012_resource_exhaustion_handling' (7194) panicked at tests/integration/uat_scenarios_test.rs:819:13:
assertion `left == right` failed: 应该处理所有链接
  left: 99
 right: 100
test uat_scenarios_test::test_uat012_resource_exhaustion_handling ... FAILED

thread 'uat_scenarios_test::test_uat025_degradation_strategy' (7385) panicked at tests/integration/uat_scenarios_test.rs:960:5:
assertion failed: !next_tasks.is_empty()
test uat_scenarios_test::test_uat025_degradation_strategy ... FAILED
✓ UAT-008 robots.txt缓存测试通过
  - 使用httpbin.org验证真实robots.txt处理
  - 创建任务数: 3
test uat_scenarios_test::test_uat008_robots_txt_caching ... ok
DEBUG: Connecting to Redis at redis://127.0.0.1:8000
DEBUG: Connecting to Redis at redis://127.0.0.1:8000
DEBUG: Redis connection established
DEBUG: Redis connection established
Created 100 tasks in 192.742462ms
Query 50 tasks took 6.121063ms, total found: 100
Batch cancel 50 tasks took 153.076948ms, success: 50, failed: 0
✓ UAT-027 统一任务管理接口性能测试通过
test uat_scenarios_test::test_uat027_task_mgmt_perf ... ok

thread 'uat_scenarios_test::test_uat016_sync_wait_integration' (7197) panicked at tests/integration/uat_scenarios_test.rs:1755:62:
called `Option::unwrap()` on a `None` value
test uat_scenarios_test::test_uat016_sync_wait_integration ... FAILED
UAT-026: 50 tasks, took 1.178659905s, success: 50, timeout/error: 0
test uat_scenarios_test::test_uat026_sync_wait_perf ... ok
Concurrency test finished in 5.005813486s. Success: 2, Error: 0
✓ UAT-025 搜索并发聚合压力测试通过 (使用真实引擎)
test uat_scenarios_test::test_uat025_search_concurrency_perf ... ok

failures:

failures:
    uat_scenarios_test::test_uat007_path_filtering_empty_rules
    uat_scenarios_test::test_uat012_resource_exhaustion_handling
    uat_scenarios_test::test_uat016_sync_wait_integration
    uat_scenarios_test::test_uat025_degradation_strategy

test result: FAILED. 15 passed; 4 failed; 0 ignored; 0 measured; 128 filtered out; finished in 6.00s

error: test failed, to rerun pass `--test integration_tests`
